<?xml version="1.0" encoding="UTF-8" standalone="yes"?>
<techpack>
		<Universeclass CLASSNAME="&apos;cell.CounterGroup1&apos;" DESCRIPTION="&apos;&apos;" DiffStatus="" ELEM_BH_REL="0" INHERITANCE="0" OBJ_BH_REL="0" ORDERNRO="0" PARENT="&apos;Computed Counters&apos;" UNIVERSEEXTENSION="&apos;ALL&apos;" VERSIONID="&apos;null&apos;" />
		<Universecomputedobject AGGREGATION="&apos;&apos;" CLASSNAME="&apos;cell.CounterGroup1&apos;" DESCRIPTION="&apos;&apos;" DiffStatus="" ELEM_BH_REL="0" INHERITANCE="0" OBJECTNAME="&apos;AverageFERDLGSM&apos;" OBJECTTYPE="&apos;&apos;" OBJSELECT="&apos;MEAN&apos;" OBJWHERE="&apos;&apos;" OBJ_BH_REL="0" ORDERNRO="0" PROMPTHIERARCHY="&apos;&apos;" QUALIFICATION="&apos;&apos;" UNIVERSEEXTENSION="&apos;ALL&apos;" VERSIONID="&apos;null&apos;" >
			<Universeparameters CLASSNAME="&apos;cell.CounterGroup1&apos;" DiffStatus="" NAME="&apos;c3&apos;" OBJECTNAME="&apos;AverageFERDLGSM&apos;" ORDERNRO="0" TYPENAME="&apos;PM_E_EBSW_CELL&apos;" UNIVERSEEXTENSION="&apos;ALL&apos;" VERSIONID="&apos;null&apos;" />
			<Universeparameters CLASSNAME="&apos;cell.CounterGroup1&apos;" DiffStatus="" NAME="&apos;c4&apos;" OBJECTNAME="&apos;AverageFERDLGSM&apos;" ORDERNRO="1" TYPENAME="&apos;PM_E_EBSW_CELL&apos;" UNIVERSEEXTENSION="&apos;ALL&apos;" VERSIONID="&apos;null&apos;" />
		</Universecomputedobject>
		<Universecomputedobject AGGREGATION="&apos;&apos;" CLASSNAME="&apos;cell.CounterGroup1&apos;" DESCRIPTION="&apos;&apos;" DiffStatus="" ELEM_BH_REL="0" INHERITANCE="0" OBJECTNAME="&apos;AverageFERULGSM&apos;" OBJECTTYPE="&apos;&apos;" OBJSELECT="&apos;MEAN&apos;" OBJWHERE="&apos;&apos;" OBJ_BH_REL="0" ORDERNRO="1" PROMPTHIERARCHY="&apos;&apos;" QUALIFICATION="&apos;&apos;" UNIVERSEEXTENSION="&apos;ALL&apos;" VERSIONID="&apos;null&apos;" >
			<Universeparameters CLASSNAME="&apos;cell.CounterGroup1&apos;" DiffStatus="" NAME="&apos;c8&apos;" OBJECTNAME="&apos;AverageFERULGSM&apos;" ORDERNRO="0" TYPENAME="&apos;PM_E_EBSW_CELL&apos;" UNIVERSEEXTENSION="&apos;ALL&apos;" VERSIONID="&apos;null&apos;" />
			<Universeparameters CLASSNAME="&apos;cell.CounterGroup1&apos;" DiffStatus="" NAME="&apos;c9&apos;" OBJECTNAME="&apos;AverageFERULGSM&apos;" ORDERNRO="1" TYPENAME="&apos;PM_E_EBSW_CELL&apos;" UNIVERSEEXTENSION="&apos;ALL&apos;" VERSIONID="&apos;null&apos;" />
		</Universecomputedobject>
		<Measurementcounter COLNUMBER="100" COUNTAGGREGATION="&apos;SUM&apos;" COUNTERPROCESS="&apos;PEG&apos;" COUNTERTYPE="&apos;PEG&apos;" DATAID="&apos;c3&apos;" DATANAME="&apos;c3&apos;" DATASCALE="0" DATASIZE="18" DATATYPE="&apos;numeric&apos;" DESCRIPTION="&apos;&apos;" DiffStatus="" GROUPAGGREGATION="&apos;SUM&apos;" INCLUDESQL="1" TIMEAGGREGATION="&apos;SUM&apos;" TYPEID="&apos;null&apos;" UNIVCLASS="&apos;&apos;" UNIVOBJECT="&apos;c3&apos;" />
		<Measurementcounter COLNUMBER="101" COUNTAGGREGATION="&apos;SUM&apos;" COUNTERPROCESS="&apos;PEG&apos;" COUNTERTYPE="&apos;PEG&apos;" DATAID="&apos;c4&apos;" DATANAME="&apos;c4&apos;" DATASCALE="0" DATASIZE="18" DATATYPE="&apos;numeric&apos;" DESCRIPTION="&apos;&apos;" DiffStatus="" GROUPAGGREGATION="&apos;SUM&apos;" INCLUDESQL="1" TIMEAGGREGATION="&apos;SUM&apos;" TYPEID="&apos;null&apos;" UNIVCLASS="&apos;&apos;" UNIVOBJECT="&apos;c4&apos;" />
		<Measurementcounter COLNUMBER="102" COUNTAGGREGATION="&apos;SUM&apos;" COUNTERPROCESS="&apos;PEG&apos;" COUNTERTYPE="&apos;PEG&apos;" DATAID="&apos;c8&apos;" DATANAME="&apos;c8&apos;" DATASCALE="0" DATASIZE="18" DATATYPE="&apos;numeric&apos;" DESCRIPTION="&apos;&apos;" DiffStatus="" GROUPAGGREGATION="&apos;SUM&apos;" INCLUDESQL="1" TIMEAGGREGATION="&apos;SUM&apos;" TYPEID="&apos;null&apos;" UNIVCLASS="&apos;&apos;" UNIVOBJECT="&apos;c8&apos;" />
		<Measurementcounter COLNUMBER="103" COUNTAGGREGATION="&apos;SUM&apos;" COUNTERPROCESS="&apos;PEG&apos;" COUNTERTYPE="&apos;PEG&apos;" DATAID="&apos;c9&apos;" DATANAME="&apos;c9&apos;" DATASCALE="0" DATASIZE="18" DATATYPE="&apos;numeric&apos;" DESCRIPTION="&apos;&apos;" DiffStatus="" GROUPAGGREGATION="&apos;SUM&apos;" INCLUDESQL="1" TIMEAGGREGATION="&apos;SUM&apos;" TYPEID="&apos;null&apos;" UNIVCLASS="&apos;&apos;" UNIVOBJECT="&apos;c9&apos;" />
		<Universeclass CLASSNAME="&apos;cell.CounterGroup2&apos;" DESCRIPTION="&apos;&apos;" DiffStatus="" ELEM_BH_REL="0" INHERITANCE="0" OBJ_BH_REL="0" ORDERNRO="1" PARENT="&apos;Computed Counters&apos;" UNIVERSEEXTENSION="&apos;ALL&apos;" VERSIONID="&apos;null&apos;" />
		<Universecomputedobject AGGREGATION="&apos;&apos;" CLASSNAME="&apos;cell.CounterGroup2&apos;" DESCRIPTION="&apos;&apos;" DiffStatus="" ELEM_BH_REL="0" INHERITANCE="0" OBJECTNAME="&apos;FERDLDistribution&apos;" OBJECTTYPE="&apos;&apos;" OBJSELECT="&apos;IDENTITY&apos;" OBJWHERE="&apos;&apos;" OBJ_BH_REL="0" ORDERNRO="2" PROMPTHIERARCHY="&apos;&apos;" QUALIFICATION="&apos;&apos;" UNIVERSEEXTENSION="&apos;ALL&apos;" VERSIONID="&apos;null&apos;" >
			<Universeparameters CLASSNAME="&apos;cell.CounterGroup2&apos;" DiffStatus="" NAME="&apos;c10&apos;" OBJECTNAME="&apos;FERDLDistribution&apos;" ORDERNRO="0" TYPENAME="&apos;PM_E_EBSW_CELL&apos;" UNIVERSEEXTENSION="&apos;ALL&apos;" VERSIONID="&apos;null&apos;" />
		</Universecomputedobject>
		<Measurementcounter COLNUMBER="104" COUNTAGGREGATION="&apos;SUM&apos;" COUNTERPROCESS="&apos;PEG&apos;" COUNTERTYPE="&apos;PEG&apos;" DATAID="&apos;c10&apos;" DATANAME="&apos;c10&apos;" DATASCALE="0" DATASIZE="18" DATATYPE="&apos;numeric&apos;" DESCRIPTION="&apos;&apos;" DiffStatus="" GROUPAGGREGATION="&apos;SUM&apos;" INCLUDESQL="1" TIMEAGGREGATION="&apos;SUM&apos;" TYPEID="&apos;null&apos;" UNIVCLASS="&apos;&apos;" UNIVOBJECT="&apos;c10&apos;" />
		<Universeclass CLASSNAME="&apos;cell.Handover&apos;" DESCRIPTION="&apos;&apos;" DiffStatus="" ELEM_BH_REL="0" INHERITANCE="0" OBJ_BH_REL="0" ORDERNRO="2" PARENT="&apos;Computed Counters&apos;" UNIVERSEEXTENSION="&apos;ALL&apos;" VERSIONID="&apos;null&apos;" />
		<Universecomputedobject AGGREGATION="&apos;&apos;" CLASSNAME="&apos;cell.Handover&apos;" DESCRIPTION="&apos;&apos;" DiffStatus="" ELEM_BH_REL="0" INHERITANCE="0" OBJECTNAME="&apos;HandoverLost&apos;" OBJECTTYPE="&apos;&apos;" OBJSELECT="&apos;MEAN&apos;" OBJWHERE="&apos;&apos;" OBJ_BH_REL="0" ORDERNRO="3" PROMPTHIERARCHY="&apos;&apos;" QUALIFICATION="&apos;&apos;" UNIVERSEEXTENSION="&apos;ALL&apos;" VERSIONID="&apos;null&apos;" >
			<Universeparameters CLASSNAME="&apos;cell.Handover&apos;" DiffStatus="" NAME="&apos;c24&apos;" OBJECTNAME="&apos;HandoverLost&apos;" ORDERNRO="0" TYPENAME="&apos;PM_E_EBSW_CELL&apos;" UNIVERSEEXTENSION="&apos;ALL&apos;" VERSIONID="&apos;null&apos;" />
			<Universeparameters CLASSNAME="&apos;cell.Handover&apos;" DiffStatus="" NAME="&apos;c22&apos;" OBJECTNAME="&apos;HandoverLost&apos;" ORDERNRO="1" TYPENAME="&apos;PM_E_EBSW_CELL&apos;" UNIVERSEEXTENSION="&apos;ALL&apos;" VERSIONID="&apos;null&apos;" />
		</Universecomputedobject>
		<Universecomputedobject AGGREGATION="&apos;&apos;" CLASSNAME="&apos;cell.Handover&apos;" DESCRIPTION="&apos;&apos;" DiffStatus="" ELEM_BH_REL="0" INHERITANCE="0" OBJECTNAME="&apos;HandoverReversion&apos;" OBJECTTYPE="&apos;&apos;" OBJSELECT="&apos;MEAN&apos;" OBJWHERE="&apos;&apos;" OBJ_BH_REL="0" ORDERNRO="4" PROMPTHIERARCHY="&apos;&apos;" QUALIFICATION="&apos;&apos;" UNIVERSEEXTENSION="&apos;ALL&apos;" VERSIONID="&apos;null&apos;" >
			<Universeparameters CLASSNAME="&apos;cell.Handover&apos;" DiffStatus="" NAME="&apos;c23&apos;" OBJECTNAME="&apos;HandoverReversion&apos;" ORDERNRO="0" TYPENAME="&apos;PM_E_EBSW_CELL&apos;" UNIVERSEEXTENSION="&apos;ALL&apos;" VERSIONID="&apos;null&apos;" />
			<Universeparameters CLASSNAME="&apos;cell.Handover&apos;" DiffStatus="" NAME="&apos;c22&apos;" OBJECTNAME="&apos;HandoverReversion&apos;" ORDERNRO="1" TYPENAME="&apos;PM_E_EBSW_CELL&apos;" UNIVERSEEXTENSION="&apos;ALL&apos;" VERSIONID="&apos;null&apos;" />
		</Universecomputedobject>
		<Universecomputedobject AGGREGATION="&apos;&apos;" CLASSNAME="&apos;cell.Handover&apos;" DESCRIPTION="&apos;&apos;" DiffStatus="" ELEM_BH_REL="0" INHERITANCE="0" OBJECTNAME="&apos;HandoverSuccess&apos;" OBJECTTYPE="&apos;&apos;" OBJSELECT="&apos;MEAN&apos;" OBJWHERE="&apos;&apos;" OBJ_BH_REL="0" ORDERNRO="5" PROMPTHIERARCHY="&apos;&apos;" QUALIFICATION="&apos;&apos;" UNIVERSEEXTENSION="&apos;ALL&apos;" VERSIONID="&apos;null&apos;" >
			<Universeparameters CLASSNAME="&apos;cell.Handover&apos;" DiffStatus="" NAME="&apos;c21&apos;" OBJECTNAME="&apos;HandoverSuccess&apos;" ORDERNRO="0" TYPENAME="&apos;PM_E_EBSW_CELL&apos;" UNIVERSEEXTENSION="&apos;ALL&apos;" VERSIONID="&apos;null&apos;" />
			<Universeparameters CLASSNAME="&apos;cell.Handover&apos;" DiffStatus="" NAME="&apos;c22&apos;" OBJECTNAME="&apos;HandoverSuccess&apos;" ORDERNRO="1" TYPENAME="&apos;PM_E_EBSW_CELL&apos;" UNIVERSEEXTENSION="&apos;ALL&apos;" VERSIONID="&apos;null&apos;" />
		</Universecomputedobject>
		<Measurementcounter COLNUMBER="105" COUNTAGGREGATION="&apos;SUM&apos;" COUNTERPROCESS="&apos;PEG&apos;" COUNTERTYPE="&apos;PEG&apos;" DATAID="&apos;c24&apos;" DATANAME="&apos;c24&apos;" DATASCALE="0" DATASIZE="18" DATATYPE="&apos;numeric&apos;" DESCRIPTION="&apos;&apos;" DiffStatus="" GROUPAGGREGATION="&apos;SUM&apos;" INCLUDESQL="1" TIMEAGGREGATION="&apos;SUM&apos;" TYPEID="&apos;null&apos;" UNIVCLASS="&apos;&apos;" UNIVOBJECT="&apos;c24&apos;" />
		<Measurementcounter COLNUMBER="106" COUNTAGGREGATION="&apos;SUM&apos;" COUNTERPROCESS="&apos;PEG&apos;" COUNTERTYPE="&apos;PEG&apos;" DATAID="&apos;c22&apos;" DATANAME="&apos;c22&apos;" DATASCALE="0" DATASIZE="18" DATATYPE="&apos;numeric&apos;" DESCRIPTION="&apos;&apos;" DiffStatus="" GROUPAGGREGATION="&apos;SUM&apos;" INCLUDESQL="1" TIMEAGGREGATION="&apos;SUM&apos;" TYPEID="&apos;null&apos;" UNIVCLASS="&apos;&apos;" UNIVOBJECT="&apos;c22&apos;" />
		<Measurementcounter COLNUMBER="107" COUNTAGGREGATION="&apos;SUM&apos;" COUNTERPROCESS="&apos;PEG&apos;" COUNTERTYPE="&apos;PEG&apos;" DATAID="&apos;c23&apos;" DATANAME="&apos;c23&apos;" DATASCALE="0" DATASIZE="18" DATATYPE="&apos;numeric&apos;" DESCRIPTION="&apos;&apos;" DiffStatus="" GROUPAGGREGATION="&apos;SUM&apos;" INCLUDESQL="1" TIMEAGGREGATION="&apos;SUM&apos;" TYPEID="&apos;null&apos;" UNIVCLASS="&apos;&apos;" UNIVOBJECT="&apos;c23&apos;" />
		<Measurementcounter COLNUMBER="108" COUNTAGGREGATION="&apos;SUM&apos;" COUNTERPROCESS="&apos;PEG&apos;" COUNTERTYPE="&apos;PEG&apos;" DATAID="&apos;c21&apos;" DATANAME="&apos;c21&apos;" DATASCALE="0" DATASIZE="18" DATATYPE="&apos;numeric&apos;" DESCRIPTION="&apos;&apos;" DiffStatus="" GROUPAGGREGATION="&apos;SUM&apos;" INCLUDESQL="1" TIMEAGGREGATION="&apos;SUM&apos;" TYPEID="&apos;null&apos;" UNIVCLASS="&apos;&apos;" UNIVOBJECT="&apos;c21&apos;" />
		<Universeclass CLASSNAME="&apos;trx.FFAX&apos;" DESCRIPTION="&apos;&apos;" DiffStatus="" ELEM_BH_REL="0" INHERITANCE="0" OBJ_BH_REL="0" ORDERNRO="0" PARENT="&apos;Computed Counters&apos;" UNIVERSEEXTENSION="&apos;ALL&apos;" VERSIONID="&apos;null&apos;" />
		<Universecomputedobject AGGREGATION="&apos;&apos;" CLASSNAME="&apos;trx.FFAX&apos;" DESCRIPTION="&apos;&apos;" DiffStatus="" ELEM_BH_REL="0" INHERITANCE="0" OBJECTNAME="&apos;FFAXNumberofObservations&apos;" OBJECTTYPE="&apos;&apos;" OBJSELECT="&apos;IDENTITY&apos;" OBJWHERE="&apos;&apos;" OBJ_BH_REL="0" ORDERNRO="0" PROMPTHIERARCHY="&apos;&apos;" QUALIFICATION="&apos;&apos;" UNIVERSEEXTENSION="&apos;ALL&apos;" VERSIONID="&apos;null&apos;" >
			<Universeparameters CLASSNAME="&apos;trx.FFAX&apos;" DiffStatus="" NAME="&apos;c14&apos;" OBJECTNAME="&apos;FFAXNumberofObservations&apos;" ORDERNRO="0" TYPENAME="&apos;PM_E_EBSW_TRX&apos;" UNIVERSEEXTENSION="&apos;ALL&apos;" VERSIONID="&apos;null&apos;" />
		</Universecomputedobject>
		<Universecomputedobject AGGREGATION="&apos;&apos;" CLASSNAME="&apos;trx.FFAX&apos;" DESCRIPTION="&apos;&apos;" DiffStatus="" ELEM_BH_REL="0" INHERITANCE="0" OBJECTNAME="&apos;FFAXAverageRxLevDifference&apos;" OBJECTTYPE="&apos;&apos;" OBJSELECT="&apos;MEAN&apos;" OBJWHERE="&apos;&apos;" OBJ_BH_REL="0" ORDERNRO="1" PROMPTHIERARCHY="&apos;&apos;" QUALIFICATION="&apos;&apos;" UNIVERSEEXTENSION="&apos;ALL&apos;" VERSIONID="&apos;null&apos;" >
			<Universeparameters CLASSNAME="&apos;trx.FFAX&apos;" DiffStatus="" NAME="&apos;c14&apos;" OBJECTNAME="&apos;FFAXAverageRxLevDifference&apos;" ORDERNRO="0" TYPENAME="&apos;PM_E_EBSW_TRX&apos;" UNIVERSEEXTENSION="&apos;ALL&apos;" VERSIONID="&apos;null&apos;" />
			<Universeparameters CLASSNAME="&apos;trx.FFAX&apos;" DiffStatus="" NAME="&apos;c15&apos;" OBJECTNAME="&apos;FFAXAverageRxLevDifference&apos;" ORDERNRO="1" TYPENAME="&apos;PM_E_EBSW_TRX&apos;" UNIVERSEEXTENSION="&apos;ALL&apos;" VERSIONID="&apos;null&apos;" />
		</Universecomputedobject>
		<Universecomputedobject AGGREGATION="&apos;&apos;" CLASSNAME="&apos;trx.FFAX&apos;" DESCRIPTION="&apos;&apos;" DiffStatus="" ELEM_BH_REL="0" INHERITANCE="0" OBJECTNAME="&apos;FFAXFaultIndication&apos;" OBJECTTYPE="&apos;&apos;" OBJSELECT="&apos;FFAX_INDICATION&apos;" OBJWHERE="&apos;&apos;" OBJ_BH_REL="0" ORDERNRO="2" PROMPTHIERARCHY="&apos;&apos;" QUALIFICATION="&apos;&apos;" UNIVERSEEXTENSION="&apos;ALL&apos;" VERSIONID="&apos;null&apos;" >
			<Universeparameters CLASSNAME="&apos;trx.FFAX&apos;" DiffStatus="" NAME="&apos;c14&apos;" OBJECTNAME="&apos;FFAXFaultIndication&apos;" ORDERNRO="0" TYPENAME="&apos;PM_E_EBSW_TRX&apos;" UNIVERSEEXTENSION="&apos;ALL&apos;" VERSIONID="&apos;null&apos;" />
			<Universeparameters CLASSNAME="&apos;trx.FFAX&apos;" DiffStatus="" NAME="&apos;c15&apos;" OBJECTNAME="&apos;FFAXFaultIndication&apos;" ORDERNRO="1" TYPENAME="&apos;PM_E_EBSW_TRX&apos;" UNIVERSEEXTENSION="&apos;ALL&apos;" VERSIONID="&apos;null&apos;" />
			<Universeparameters CLASSNAME="&apos;trx.FFAX&apos;" DiffStatus="" NAME="&apos;c16&apos;" OBJECTNAME="&apos;FFAXFaultIndication&apos;" ORDERNRO="2" TYPENAME="&apos;PM_E_EBSW_TRX&apos;" UNIVERSEEXTENSION="&apos;ALL&apos;" VERSIONID="&apos;null&apos;" />
		</Universecomputedobject>
		<Universecomputedobject AGGREGATION="&apos;&apos;" CLASSNAME="&apos;trx.FFAX&apos;" DESCRIPTION="&apos;&apos;" DiffStatus="" ELEM_BH_REL="0" INHERITANCE="0" OBJECTNAME="&apos;FFAXStandardDeviationofRxLevDifference&apos;" OBJECTTYPE="&apos;&apos;" OBJSELECT="&apos;FFAX_STDDEV&apos;" OBJWHERE="&apos;&apos;" OBJ_BH_REL="0" ORDERNRO="3" PROMPTHIERARCHY="&apos;&apos;" QUALIFICATION="&apos;&apos;" UNIVERSEEXTENSION="&apos;ALL&apos;" VERSIONID="&apos;null&apos;" >
			<Universeparameters CLASSNAME="&apos;trx.FFAX&apos;" DiffStatus="" NAME="&apos;c14&apos;" OBJECTNAME="&apos;FFAXStandardDeviationofRxLevDifference&apos;" ORDERNRO="0" TYPENAME="&apos;PM_E_EBSW_TRX&apos;" UNIVERSEEXTENSION="&apos;ALL&apos;" VERSIONID="&apos;null&apos;" />
			<Universeparameters CLASSNAME="&apos;trx.FFAX&apos;" DiffStatus="" NAME="&apos;c15&apos;" OBJECTNAME="&apos;FFAXStandardDeviationofRxLevDifference&apos;" ORDERNRO="1" TYPENAME="&apos;PM_E_EBSW_TRX&apos;" UNIVERSEEXTENSION="&apos;ALL&apos;" VERSIONID="&apos;null&apos;" />
			<Universeparameters CLASSNAME="&apos;trx.FFAX&apos;" DiffStatus="" NAME="&apos;c16&apos;" OBJECTNAME="&apos;FFAXStandardDeviationofRxLevDifference&apos;" ORDERNRO="2" TYPENAME="&apos;PM_E_EBSW_TRX&apos;" UNIVERSEEXTENSION="&apos;ALL&apos;" VERSIONID="&apos;null&apos;" />
		</Universecomputedobject>
		<Measurementcounter COLNUMBER="100" COUNTAGGREGATION="&apos;SUM&apos;" COUNTERPROCESS="&apos;PEG&apos;" COUNTERTYPE="&apos;PEG&apos;" DATAID="&apos;c14&apos;" DATANAME="&apos;c14&apos;" DATASCALE="0" DATASIZE="18" DATATYPE="&apos;numeric&apos;" DESCRIPTION="&apos;&apos;" DiffStatus="" GROUPAGGREGATION="&apos;SUM&apos;" INCLUDESQL="1" TIMEAGGREGATION="&apos;SUM&apos;" TYPEID="&apos;null&apos;" UNIVCLASS="&apos;&apos;" UNIVOBJECT="&apos;c14&apos;" />
		<Measurementcounter COLNUMBER="101" COUNTAGGREGATION="&apos;SUM&apos;" COUNTERPROCESS="&apos;PEG&apos;" COUNTERTYPE="&apos;PEG&apos;" DATAID="&apos;c15&apos;" DATANAME="&apos;c15&apos;" DATASCALE="0" DATASIZE="18" DATATYPE="&apos;numeric&apos;" DESCRIPTION="&apos;&apos;" DiffStatus="" GROUPAGGREGATION="&apos;SUM&apos;" INCLUDESQL="1" TIMEAGGREGATION="&apos;SUM&apos;" TYPEID="&apos;null&apos;" UNIVCLASS="&apos;&apos;" UNIVOBJECT="&apos;c15&apos;" />
		<Measurementcounter COLNUMBER="102" COUNTAGGREGATION="&apos;SUM&apos;" COUNTERPROCESS="&apos;PEG&apos;" COUNTERTYPE="&apos;PEG&apos;" DATAID="&apos;c16&apos;" DATANAME="&apos;c16&apos;" DATASCALE="0" DATASIZE="18" DATATYPE="&apos;numeric&apos;" DESCRIPTION="&apos;&apos;" DiffStatus="" GROUPAGGREGATION="&apos;SUM&apos;" INCLUDESQL="1" TIMEAGGREGATION="&apos;SUM&apos;" TYPEID="&apos;null&apos;" UNIVCLASS="&apos;&apos;" UNIVOBJECT="&apos;c16&apos;" />
</techpack>
